// Jest Snapshot v1, https://goo.gl/fbAQLP

exports[`renders correctly 1`] = `
<div
  className="bg-primary"
>
  <div
    className="mx-auto flex w-9/12 flex-wrap items-center justify-between bg-primary py-10  font-SourceSansPro text-xl text-white md:px-8  lg:justify-between "
    data-testid="footer"
  >
    <div
      className="my-2"
    >
      <img
        alt="Logo"
        className="pb-2"
        src="Logo.png"
      />
      <a
        href="/events"
        onClick={[Function]}
      >
        <h6
          className="flex justify-start pt-2"
        >
          footer.pages.0
        </h6>
      </a>
      <a
        href="/#contact-us"
        onClick={[Function]}
      >
        <h6
          className="flex justify-start pt-2"
        >
          footer.pages.1
        </h6>
      </a>
      <a
        href="/#about"
        onClick={[Function]}
      >
        <h6
          className="flex justify-start pt-2"
        >
          footer.pages.2
        </h6>
      </a>
      <a
        href="/our-team"
        onClick={[Function]}
      >
        <h6
          className="flex justify-start pt-2"
        >
          footer.pages.3
        </h6>
      </a>
      <div
        className="flex pt-8"
      >
        <img
          alt="twitter"
          className="pr-8"
          src="twitter.svg"
        />
        <img
          alt="linkedin"
          className="pr-8"
          src="linkedin.svg"
        />
        <img
          alt="instagram"
          className="pr-8"
          src="instagram.svg"
        />
        <img
          alt="facebook"
          className="pr-8"
          src="facebookFooter.svg"
        />
        <img
          alt="youtube"
          className="pr-8"
          src="youtube.svg"
        />
      </div>
    </div>
    <div
      className="t-10 flex flex-col"
    >
      <h3
        className="mb-5 flex justify-start pt-10 text-2xl"
      >
        footer.newsletter.title
      </h3>
      <div
        className="flex justify-between"
      >
        <h4
          className=" mx-6 text-red"
        />
      </div>
      <form>
        <h4
          className="flex justify-start"
        >
          footer.newsletter.email
        </h4>
        <input
          className="rounded-md text-black"
          onChange={[Function]}
          type="text"
          value=""
        />
        <button
          className="transform rounded-md border-2 border-red bg-red p-1.5 duration-300 ease-linear hover:border-white hover:bg-blue-light hover:shadow"
          onClick={[Function]}
        >
          footer.newsletter.btn
           â†’
        </button>
      </form>
    </div>
  </div>
  <div
    className="bg-secondary"
  >
    <div
      className="mx-auto flex w-9/12 flex-col flex-wrap justify-start  pb-2 pt-1 text-white md:flex md:flex-row md:justify-between"
    >
      <div
        className="grid grid-cols-1"
      >
        <p
          className="my-1 justify-self-start md:pl-5 text-xs"
        >
          footer.lowerFooter.0
        </p>
      </div>
      <div
        className="grid grid-cols-1 sm:flex sm:justify-between sm:justify-items-stretch"
      >
        <div
          className="my-1 justify-self-start md:pl-5 text-xs"
        >
          footer.lowerFooter.1
        </div>
        <div
          className="my-1 justify-self-start md:pl-5 text-xs"
        >
          footer.lowerFooter.2
        </div>
        <div
          className="my-1 justify-self-start md:pl-5 pr-2 text-xs"
        >
          footer.lowerFooter.3
        </div>
      </div>
    </div>
  </div>
</div>
`;
